src/app/(store)/shop/page.tsx(17,7): error TS7034: Variable 'initialProductsData' implicitly has type 'any[]' in some locations where its type cannot be determined.
src/app/(store)/shop/page.tsx(45,38): error TS7005: Variable 'initialProductsData' implicitly has an 'any[]' type.
src/app/admin/customers/[id]/page.tsx(135,15): error TS2552: Cannot find name 'Clock'. Did you mean 'Lock'?
src/components/admin/CreateDiscountModal.tsx(10,3): error TS2305: Module '"lucide-react"' has no exported member 'Naira'.
src/components/admin/Sidebar.tsx(21,31): error TS2307: Cannot find module 'react-responsive' or its corresponding type declarations.
src/components/checkout/OrderSummary.tsx(25,27): error TS2551: Property 'product' does not exist on type 'CartItem'. Did you mean 'productId'?
src/components/checkout/OrderSummary.tsx(26,27): error TS2551: Property 'product' does not exist on type 'CartItem'. Did you mean 'productId'?
src/components/checkout/OrderSummary.tsx(32,104): error TS2551: Property 'product' does not exist on type 'CartItem'. Did you mean 'productId'?
src/components/checkout/OrderSummary.tsx(33,102): error TS2551: Property 'variant' does not exist on type 'CartItem'. Did you mean 'variantId'?
src/components/checkout/PaymentButton.tsx(22,29): error TS2551: Property 'product' does not exist on type 'CartItem'. Did you mean 'productId'?
src/components/checkout/PaymentButton.tsx(23,29): error TS2551: Property 'variant' does not exist on type 'CartItem'. Did you mean 'variantId'?
src/components/checkout/PaymentButton.tsx(24,24): error TS2551: Property 'product' does not exist on type 'CartItem'. Did you mean 'productId'?
src/components/checkout/PaymentButton.tsx(25,24): error TS2551: Property 'variant' does not exist on type 'CartItem'. Did you mean 'variantId'?
src/components/checkout/PaymentButton.tsx(28,28): error TS2551: Property 'product' does not exist on type 'CartItem'. Did you mean 'productId'?
src/components/shared/AOSInit.tsx(11,7): error TS2322: Type '"cubic-bezier(0.23, 1, 0.32, 1)"' is not assignable to type 'easingOptions | undefined'.
src/components/shop/ProductGrid.tsx(46,38): error TS2322: Type '{ hidden: { opacity: number; y: number; }; show: { opacity: number; y: number; transition: { duration: number; ease: number[]; }; }; }' is not assignable to type 'Variants'.
  Property 'show' is incompatible with index signature.
    Type '{ opacity: number; y: number; transition: { duration: number; ease: number[]; }; }' is not assignable to type 'Variant'.
      Type '{ opacity: number; y: number; transition: { duration: number; ease: number[]; }; }' is not assignable to type 'TargetAndTransition'.
        Type '{ opacity: number; y: number; transition: { duration: number; ease: number[]; }; }' is not assignable to type '{ transition?: Transition<any> | undefined; transitionEnd?: ResolvedValues$1 | undefined; }'.
          Types of property 'transition' are incompatible.
            Type '{ duration: number; ease: number[]; }' is not assignable to type 'Transition<any> | undefined'.
              Type '{ duration: number; ease: number[]; }' is not assignable to type 'TransitionWithValueOverrides<any>'.
                Type '{ duration: number; ease: number[]; }' is not assignable to type 'ValueAnimationTransition<any>'.
                  Types of property 'ease' are incompatible.
                    Type 'number[]' is not assignable to type 'Easing | Easing[] | undefined'.
                      Type 'number[]' is not assignable to type 'EasingFunction | Easing[]'.
                        Type 'number[]' is not assignable to type 'Easing[]'.
                          Type 'number' is not assignable to type 'Easing'.
